// Jest Snapshot v1, https://goo.gl/fbAQLP

exports[`components/ItemList ItemList should match snapshot 1`] = `
<div
  className="wrapper"
>
  <Item
    item={
      Object {
        "addedAt": "2020-03-29T14:30:45.000Z",
        "id": "3idh834dh348dhhfufh48",
        "status": "succeeded",
        "title": "A collectible video",
        "updatedAt": "Sun Mar 29 2020 14:32:30 GMT+0000 (Coordinated Universal Time)",
        "url": "https://www.youtube.com/watch?v=eQ5Ru7Zu_1I?foo=bar&baz=qux",
      }
    }
    key="3idh834dh348dhhfufh48"
  />
  <Item
    item={
      Object {
        "addedAt": "2020-03-29T14:30:45.000Z",
        "id": "3idh834dh348dhhfufh48",
        "status": "succeeded",
        "title": "A collectible video",
        "updatedAt": "Sun Mar 29 2020 14:32:30 GMT+0000 (Coordinated Universal Time)",
        "url": "https://www.youtube.com/watch?v=eQ5Ru7Zu_1I?foo=bar&baz=qux",
      }
    }
    key="3idh834dh348dhhfufh48"
  />
  <Item
    item={
      Object {
        "addedAt": "2020-03-29T14:30:45.000Z",
        "id": "3idh834dh348dhhfufh48",
        "status": "failed",
        "title": "A collectible video",
        "updatedAt": "Sun Mar 29 2020 14:32:30 GMT+0000 (Coordinated Universal Time)",
        "url": "https://www.youtube.com/watch?v=eQ5Ru7Zu_1I?foo=bar&baz=qux",
      }
    }
    key="3idh834dh348dhhfufh48"
  />
  <Item
    item={
      Object {
        "addedAt": "2020-03-29T14:30:45.000Z",
        "id": "3idh834dh348dhhfufh48",
        "status": "failed",
        "title": "A collectible video",
        "updatedAt": "Sun Mar 29 2020 14:32:30 GMT+0000 (Coordinated Universal Time)",
        "url": "https://www.youtube.com/watch?v=eQ5Ru7Zu_1I?foo=bar&baz=qux",
      }
    }
    key="3idh834dh348dhhfufh48"
  />
  <Item
    item={
      Object {
        "addedAt": "2020-03-29T14:30:45.000Z",
        "id": "3idh834dh348dhhfufh48",
        "status": "running",
        "title": "A collectible video",
        "updatedAt": "Sun Mar 29 2020 14:32:30 GMT+0000 (Coordinated Universal Time)",
        "url": "https://www.youtube.com/watch?v=eQ5Ru7Zu_1I?foo=bar&baz=qux",
      }
    }
    key="3idh834dh348dhhfufh48"
  />
  <Item
    item={
      Object {
        "addedAt": "2020-03-29T14:30:45.000Z",
        "id": "3idh834dh348dhhfufh48",
        "status": "running",
        "title": "A collectible video",
        "updatedAt": "Sun Mar 29 2020 14:32:30 GMT+0000 (Coordinated Universal Time)",
        "url": "https://www.youtube.com/watch?v=eQ5Ru7Zu_1I?foo=bar&baz=qux",
      }
    }
    key="3idh834dh348dhhfufh48"
  />
  <Item
    item={
      Object {
        "addedAt": "2020-03-29T14:30:45.000Z",
        "id": "3idh834dh348dhhfufh48",
        "status": "running",
        "title": "A collectible video",
        "updatedAt": "Sun Mar 29 2020 14:32:30 GMT+0000 (Coordinated Universal Time)",
        "url": "https://www.youtube.com/watch?v=eQ5Ru7Zu_1I?foo=bar&baz=qux",
      }
    }
    key="3idh834dh348dhhfufh48"
  />
  <Item
    item={
      Object {
        "addedAt": "2020-03-29T14:30:45.000Z",
        "id": "3idh834dh348dhhfufh48",
        "status": "running",
        "title": "A collectible video",
        "updatedAt": "Sun Mar 29 2020 14:32:30 GMT+0000 (Coordinated Universal Time)",
        "url": "https://www.youtube.com/watch?v=eQ5Ru7Zu_1I?foo=bar&baz=qux",
      }
    }
    key="3idh834dh348dhhfufh48"
  />
  <Item
    item={
      Object {
        "addedAt": "2020-03-29T14:30:45.000Z",
        "id": "3idh834dh348dhhfufh48",
        "status": "succeeded",
        "title": "A collectible video",
        "updatedAt": "Sun Mar 29 2020 14:32:30 GMT+0000 (Coordinated Universal Time)",
        "url": "https://www.youtube.com/watch?v=eQ5Ru7Zu_1I?foo=bar&baz=qux",
      }
    }
    key="3idh834dh348dhhfufh48"
  />
  <Item
    item={
      Object {
        "addedAt": "2020-03-29T14:30:45.000Z",
        "id": "3idh834dh348dhhfufh48",
        "status": "running",
        "title": "A collectible video",
        "updatedAt": "Sun Mar 29 2020 14:32:30 GMT+0000 (Coordinated Universal Time)",
        "url": "https://www.youtube.com/watch?v=eQ5Ru7Zu_1I?foo=bar&baz=qux",
      }
    }
    key="3idh834dh348dhhfufh48"
  />
  <Item
    item={
      Object {
        "addedAt": "2020-03-29T14:30:45.000Z",
        "id": "3idh834dh348dhhfufh48",
        "status": "succeeded",
        "title": "A collectible video",
        "updatedAt": "Sun Mar 29 2020 14:32:30 GMT+0000 (Coordinated Universal Time)",
        "url": "https://www.youtube.com/watch?v=eQ5Ru7Zu_1I?foo=bar&baz=qux",
      }
    }
    key="3idh834dh348dhhfufh48"
  />
  <Item
    item={
      Object {
        "addedAt": "2020-03-29T14:30:45.000Z",
        "id": "3idh834dh348dhhfufh48",
        "status": "running",
        "title": "A collectible video",
        "updatedAt": "Sun Mar 29 2020 14:32:30 GMT+0000 (Coordinated Universal Time)",
        "url": "https://www.youtube.com/watch?v=eQ5Ru7Zu_1I?foo=bar&baz=qux",
      }
    }
    key="3idh834dh348dhhfufh48"
  />
  <Item
    item={
      Object {
        "addedAt": "2020-03-29T14:30:45.000Z",
        "id": "3idh834dh348dhhfufh48",
        "status": "pending",
        "title": "A collectible video",
        "updatedAt": "Sun Mar 29 2020 14:32:30 GMT+0000 (Coordinated Universal Time)",
        "url": "https://www.youtube.com/watch?v=eQ5Ru7Zu_1I?foo=bar&baz=qux",
      }
    }
    key="3idh834dh348dhhfufh48"
  />
  <Item
    item={
      Object {
        "addedAt": "2020-03-29T14:30:45.000Z",
        "id": "3idh834dh348dhhfufh48",
        "status": "running",
        "title": "A collectible video",
        "updatedAt": "Sun Mar 29 2020 14:32:30 GMT+0000 (Coordinated Universal Time)",
        "url": "https://www.youtube.com/watch?v=eQ5Ru7Zu_1I?foo=bar&baz=qux",
      }
    }
    key="3idh834dh348dhhfufh48"
  />
  <Item
    item={
      Object {
        "addedAt": "2020-03-29T14:30:45.000Z",
        "id": "3idh834dh348dhhfufh48",
        "status": "pending",
        "title": "A collectible video",
        "updatedAt": "Sun Mar 29 2020 14:32:30 GMT+0000 (Coordinated Universal Time)",
        "url": "https://www.youtube.com/watch?v=eQ5Ru7Zu_1I?foo=bar&baz=qux",
      }
    }
    key="3idh834dh348dhhfufh48"
  />
  <Item
    item={
      Object {
        "addedAt": "2020-03-29T14:30:45.000Z",
        "id": "3idh834dh348dhhfufh48",
        "status": "pending",
        "title": "A collectible video",
        "updatedAt": "Sun Mar 29 2020 14:32:30 GMT+0000 (Coordinated Universal Time)",
        "url": "https://www.youtube.com/watch?v=eQ5Ru7Zu_1I?foo=bar&baz=qux",
      }
    }
    key="3idh834dh348dhhfufh48"
  />
  <Item
    item={
      Object {
        "addedAt": "2020-03-29T14:30:45.000Z",
        "id": "3idh834dh348dhhfufh48",
        "status": "pending",
        "title": "A collectible video",
        "updatedAt": "Sun Mar 29 2020 14:32:30 GMT+0000 (Coordinated Universal Time)",
        "url": "https://www.youtube.com/watch?v=eQ5Ru7Zu_1I?foo=bar&baz=qux",
      }
    }
    key="3idh834dh348dhhfufh48"
  />
</div>
`;
